M1	M4
M1	M2
M0	M1
M1	M3
M0	M4
M3	M4
M2	M4
M0	M2
M0	M3
M2	M3
