36
43
27
46
24
89
17
31
110
35
88
70
39
55
9
106
79
42
78
3
48
30
10
20
85
18
98
59
92
84
58
72
25
114
105
29
53
99
44
101
6
1
71
21
38
26
8
23
83
