3	3
7	7
6	7
7	6
6	6
2	3
7	4
6	5
5	5
4	4
8	8
4	5
5	7
6	4
2	2
5	6
3	2
4	6
5	4
4	7
7	5
