c2	v10	i1
c2	v7	i2
c1	v5	i1
c3	v8	i1
c3	v2	i2
c2	v7	i1
c1	v10	i1
c3	v11	h11
c2	v9	h9
c2	v5	i1
c1	v1	i1
c1	v7	i1
