v5	v4	h2
v3	v1	h1
v3	v8	h11
v3	v11	h11
v4	v2	h2
v3	v2	h5
v3	v4	h5
v3	v5	h5
v5	v9	h9
