3	5
3	3
7	7
7	3
5	3
6	7
7	6
6	6
7	4
6	5
5	5
4	4
4	5
5	7
3	4
4	3
6	4
3	7
5	6
4	6
5	4
4	7
3	6
6	3
7	5
