I8	5
I0	10
I4	8
I6	7
I14	6
I14	4
I7	2
I11	3
I3	6
I13	4
I10	6
I5	1
I2	1
I1	1
I15	7
I12	7
I9	7
I3	4
I3	2
