c2	c3	v5	i1
c2	c3	v10	i1
c1	c1	v5	i1
c2	c3	v9	h9
c1	c1	v1	i1
c3	c1	v8	i1
c1	c1	v7	i1
c3	c1	v2	i2
c2	c3	v7	i1
c1	c1	v10	i1
c2	c3	v7	i2
