google	d3
google	d1
yahoo	d2
linkedin	d1
facebook	d1
google	d2
