v3	v1	h1
v3	v11	h11
v4	v2	h2
v6	v1	h1
v3	v5	h5
v5	v9	h9
