t1	v3	v1	h11
t1	v3	v1	h1
t1	v3	v4	h5
t1	v3	v11	h11
t1	v6	v4	h5
t3	v5	v9	h9
t1	v6	v1	h1
t2	v4	v2	h2
t1	v3	v5	h5
t2	v3	v2	h1
t1	v3	v8	h11
