penguin
dog
snake
turtle
bat
eel
t_rex
herring
eagle
trout
lizard
dolphin
ostrich
shark
platypus
crocodile
