t3	v9	h9
t2	v2	h2
t1	v4	h5
t2	v2	h11
t1	v11	h11
t2	v2	h1
t1	v1	h1
t1	v1	h11
t1	v8	h11
t1	v5	h5
