9	C	IsActive	True
2	A	Class	P
8	C	Class	R
7	C	Name	CCC
1	A	Name	AAA
3	A	IsActive	True
