ddjoe	joe
ddbob	bob
mdbob	bob
dmjoe	joe
mdjoe	joe
mmbob	bob
dmbob	bob
mmjoe	joe
