ddjoe	djoe
dmjoe	mjoe
dbob	bob
djoe	joe
mjoe	joe
mdbob	dbob
ddbob	dbob
dmbob	mbob
mdjoe	djoe
mmjoe	mjoe
mmbob	mbob
mbob	bob
