1	2
3	5
3	3
1	5
5	3
6	7
2	7
6	6
1	6
2	5
2	3
6	5
5	5
4	4
4	5
5	7
1	3
3	4
2	6
4	3
6	4
2	4
3	7
5	6
1	7
4	6
5	4
4	7
1	4
3	6
6	3
