28	T0
24	T5
20	T3
38	T4
40	T4
13	T5
6	T0
10	T5
12	T5
9	T5
22	T5
22	T3
15	T5
39	T0
27	T3
33	T5
25	T5
1	T5
26	T3
7	T5
38	T5
41	T4
29	T0
17	T3
16	T0
27	T5
5	T0
19	T5
34	T3
18	T3
32	T0
12	T0
23	T0
19	T0
40	T0
9	T3
36	T0
32	T5
29	T3
1	T4
39	T4
27	T0
15	T3
32	T4
15	T0
36	T5
11	T0
21	T0
37	T0
9	T0
12	T4
28	T5
11	T4
23	T3
10	T0
37	T4
10	T3
33	T0
0	T4
20	T5
21	T5
5	T5
39	T5
33	T3
21	T3
29	T4
35	T4
6	T5
18	T0
35	T5
17	T4
37	T5
16	T5
13	T4
38	T0
24	T0
25	T3
2	T5
7	T4
7	T3
23	T5
0	T5
18	T5
25	T0
17	T0
8	T5
26	T5
41	T5
8	T3
24	T3
13	T0
20	T0
19	T3
11	T5
36	T4
34	T0
7	T0
35	T0
26	T0
40	T5
6	T4
29	T5
22	T0
34	T5
34	T4
5	T3
18	T4
2	T0
8	T0
19	T4
5	T4
0	T3
2	T3
41	T3
41	T0
0	T0
16	T4
17	T5
6	T3
1	T0
28	T4
