26	T4
34	T2
15	T4
10	T4
37	T3
6	T2
33	T4
22	T4
2	T4
27	T4
8	T4
32	T3
41	T4
1	T3
17	T3
34	T3
36	T3
18	T3
13	T3
29	T3
35	T3
40	T3
9	T4
29	T2
21	T4
12	T3
39	T3
0	T4
23	T4
41	T2
24	T4
17	T4
0	T2
20	T4
25	T4
28	T3
7	T2
38	T3
19	T3
5	T2
34	T4
18	T4
11	T3
19	T4
16	T3
0	T3
41	T3
