dddbob	bob
mddbob	bob
dbob	bob
mddbob	ddbob
dmdbob	dbob
mmdbob	dbob
ddbob	bob
mdbob	bob
dddbob	ddbob
mdbob	dbob
ddbob	dbob
dmdbob	bob
mmdbob	bob
mmdbob	mdbob
mddbob	dbob
dmdbob	mdbob
dddbob	dbob
mbob	bob
