dbob	bob
mddbob	ddbob
dddbob	ddbob
mdbob	dbob
ddbob	dbob
mmdbob	mdbob
dmdbob	mdbob
mbob	bob
