3	c3	2
1	c1	1
2	c2	1
3	p3	3
4	c4	2
2	p2	2
6	c6	3
1	p1	1
5	c5	3
